[2026-05-19 17:20:03] INFO | solar_client | SolarClient inizializzato | base_url=https://solar.siseli.com | account=sersebasti
[2026-05-19 17:20:03] INFO | solar_client | SolarClient inizializzato | base_url=https://solar.siseli.com | account=sersebasti
[2026-05-19 17:20:03] INFO | app | Polling loop avviato | device_id=416360187241136128 | data_source=1 | interval_seconds=120
[2026-05-19 17:20:03] INFO | app | Thread background polling avviato
[2026-05-19 17:20:03] INFO | app | 
[2026-05-19 17:20:03] INFO | app | ##################################################################
[2026-05-19 17:20:03] INFO | app | ######################## POLLING START ###########################
[2026-05-19 17:20:03] INFO | app | ##################################################################
[2026-05-19 17:20:03] INFO | app | 
[2026-05-19 17:20:03] INFO | app | ##################################################################
[2026-05-19 17:20:03] INFO | app | ######################## TESLA TOKEN #############################
[2026-05-19 17:20:03] INFO | app | ##################################################################
[2026-05-19 17:20:03] INFO | app | [STEP START] Tesla token check
[2026-05-19 17:20:03] INFO | app | [TASK] check_and_refresh_tesla_token START | token_path=data/tesla_token.json | refresh_before_seconds=3600
[2026-05-19 17:20:03] INFO | app | [TASK] Tesla token status | saved_at=2026-05-19 09:49:33 | expires_in=28800 | seconds_left=8969 | minutes_left=149.5
[2026-05-19 17:20:03] INFO | app | [TASK] Tesla token ancora valido | seconds_left=8969 | nessun refresh
[2026-05-19 17:20:03] INFO | app | [STEP END] Tesla token check
[2026-05-19 17:20:03] INFO | app | 
[2026-05-19 17:20:03] INFO | app | ##################################################################
[2026-05-19 17:20:03] INFO | app | #################### INVERTER STATE ##############################
[2026-05-19 17:20:03] INFO | app | ##################################################################
[2026-05-19 17:20:03] INFO | app | [STEP START] Inverter state acquisition
[2026-05-19 17:20:03] INFO | app | [TASK] acquire_and_save_inverter_state | device_id=416360187241136128 | data_source=1
[2026-05-19 17:20:03] INFO | solar_client | Richiesta device state latest START | device_id=416360187241136128 | data_source=1
[2026-05-19 17:20:03] INFO | solar_client | Sessione o token assenti: eseguo login
[2026-05-19 17:20:03] INFO | solar_client | Avvio login remoto
[2026-05-19 17:20:03] INFO | auth | Login remoto START | account=sersebasti | base=https://solar.siseli.com
[2026-05-19 17:20:03] INFO | auth | Login remoto HTTP END | status_code=200
[2026-05-19 17:20:03] INFO | auth | Login remoto OK | access_token=750970...159B | access_exp=2026-05-19T17:20:03Z | refresh_exp=2026-06-18T15:20:03Z
[2026-05-19 17:20:03] INFO | solar_client | Login OK | token=750970...159B | access_exp=2026-05-19T17:20:03Z | refresh_exp=2026-06-18T15:20:03Z
[2026-05-19 17:20:03] INFO | solar_client | Token salvato nel DB | token=750970...159B
[2026-05-19 17:20:03] INFO | solar_client | GET remoto START | path=/apis/deviceState/simple/state/latest/v1 | params={'deviceId': '416360187241136128', 'dataSource': 1} | token=750970...159B
[2026-05-19 17:20:04] INFO | solar_client | GET remoto END | path=/apis/deviceState/simple/state/latest/v1 | status_code=200
[2026-05-19 17:20:04] INFO | solar_client | GET remoto OK | path=/apis/deviceState/simple/state/latest/v1 | api_code=0
[2026-05-19 17:20:04] INFO | solar_client | Device snapshot raw+flat salvati nel DB | device_id=416360187241136128 | raw_update_time=2026-05-19T15:18:02Z | update_time_rome=2026-05-19 17:18:02
[2026-05-19 17:20:04] INFO | solar_client | Richiesta device state latest OK | device_id=416360187241136128 | data_source=1
[2026-05-19 17:20:04] INFO | app | [TASK] acquire_and_save_inverter_state OK
[2026-05-19 17:20:04] INFO | app | [STEP END] Inverter state acquisition
[2026-05-19 17:20:04] INFO | app | 
[2026-05-19 17:20:04] INFO | app | ##################################################################
[2026-05-19 17:20:04] INFO | app | ######################## BMS CONTROL #############################
[2026-05-19 17:20:04] INFO | app | ##################################################################
[2026-05-19 17:20:04] INFO | app | [STEP START] BMS control
[2026-05-19 17:20:04] INFO | app | [TASK] check_and_set_bms_communication | low_threshold=52.0 | high_threshold=53.5 | night_bms_on_hour=22
[2026-05-19 17:20:04] INFO | app | [TASK] battery_voltage=53.2 | raw_battery_voltage=53.2
[2026-05-19 17:20:04] INFO | app | [TASK] BMS nessuna azione | battery_voltage=53.2 | fascia neutra [52.0 - 53.5]
[2026-05-19 17:20:04] INFO | app | [STEP END] BMS control
[2026-05-19 17:20:04] INFO | app | 
[2026-05-19 17:20:04] INFO | app | ##################################################################
[2026-05-19 17:20:04] INFO | app | ###################### LAN DEVICES CHECK #########################
[2026-05-19 17:20:04] INFO | app | ##################################################################
[2026-05-19 17:20:04] INFO | app | [STEP START] LAN devices check
[2026-05-19 17:20:04] INFO | app | [TASK] check_registered_devices_on_lan START | url=http://host.docker.internal:5001/lan_check | timeout=20 | attempts=3 | retry_sleep=30
[2026-05-19 17:20:04] INFO | app | [TASK] LAN check attempt 1/3 | url=http://host.docker.internal:5001/lan_check
[2026-05-19 17:20:04] INFO | app | [TASK] LAN check result | ok=True | strategy=last_ip_only | registered=4 | found=4 | missing=0
[2026-05-19 17:20:04] INFO | app | [TASK] LAN tutti i dispositivi registrati risultano online
[2026-05-19 17:20:04] INFO | app | [STEP END] LAN devices check | found_count=4
[2026-05-19 17:20:04] INFO | app | 
[2026-05-19 17:20:04] INFO | app | ##################################################################
[2026-05-19 17:20:04] INFO | app | #################### HOST STATUS SNAPSHOTS ######################
[2026-05-19 17:20:04] INFO | app | ##################################################################
[2026-05-19 17:20:04] INFO | app | [STEP START] Host status acquisition
[2026-05-19 17:20:04] INFO | app | 
[2026-05-19 17:20:04] INFO | app | ##################################################################
[2026-05-19 17:20:04] INFO | app | ################### HOST STATUS SNAPSHOTS #######################
[2026-05-19 17:20:04] INFO | app | ##################################################################
[2026-05-19 17:20:04] INFO | app | [TASK] Host LAN IP acquisition START
[2026-05-19 17:20:04] INFO | app | [TASK] Host LAN IP acquired | ip=192.168.1.155 | elapsed=0.0s
[2026-05-19 17:20:04] INFO | app | [TASK] Host snapshot saved OK | ip=192.168.1.155
[2026-05-19 17:20:04] INFO | app | 
[2026-05-19 17:20:04] INFO | app | ##################################################################
[2026-05-19 17:20:04] INFO | app | ############### HOST STATUS COMPLETED ###########################
[2026-05-19 17:20:04] INFO | app | ##################################################################
[2026-05-19 17:20:04] INFO | app | [STEP END] Host status acquisition OK
[2026-05-19 17:20:04] INFO | app | 
[2026-05-19 17:20:04] INFO | app | ##################################################################
[2026-05-19 17:20:04] INFO | app | ################### SENSOR STATUS SNAPSHOTS #####################
[2026-05-19 17:20:04] INFO | app | ##################################################################
[2026-05-19 17:20:04] INFO | app | [STEP START] Sensor status acquisition
[2026-05-19 17:20:04] INFO | db | DB model read | helper=_fetch_all_models | model=SensorMeasurementsConfig | rows=3
[2026-05-19 17:20:04] INFO | app | [TASK] status configs loaded | count=3
[2026-05-19 17:20:04] INFO | app | 
[2026-05-19 17:20:04] INFO | app | ############################################################
[2026-05-19 17:20:04] INFO | app | ################### STATUS REQUEST #########################
[2026-05-19 17:20:04] INFO | app | ############################################################
[2026-05-19 17:20:04] INFO | app | [TASK] Status START | config_id=7 | device_id=1 | desc=ESP32 Fronius Status
[2026-05-19 17:20:04] INFO | app | [TASK] HTTP request START | method=GET | url=http://host.docker.internal:5001/1/status?endpoint=status
[2026-05-19 17:20:04] INFO | app | [TASK] HTTP request END | status_code=200 | elapsed=0.15s
[2026-05-19 17:20:04] INFO | app | [TASK] Status response VALID | config_id=7
[2026-05-19 17:20:04] INFO | app | [TASK] Status snapshot saved OK | config_id=7
[2026-05-19 17:20:04] INFO | app | 
[2026-05-19 17:20:04] INFO | app | ############################################################
[2026-05-19 17:20:04] INFO | app | ################### STATUS REQUEST #########################
[2026-05-19 17:20:04] INFO | app | ############################################################
[2026-05-19 17:20:04] INFO | app | [TASK] Status START | config_id=5 | device_id=2 | desc=Shelly Status
[2026-05-19 17:20:04] INFO | app | [TASK] HTTP request START | method=GET | url=http://host.docker.internal:5001/2/status?endpoint=status
[2026-05-19 17:20:06] INFO | app | [TASK] HTTP request END | status_code=200 | elapsed=1.12s
[2026-05-19 17:20:06] INFO | app | [TASK] Status response VALID | config_id=5
[2026-05-19 17:20:06] INFO | app | [TASK] Status snapshot saved OK | config_id=5
[2026-05-19 17:20:06] INFO | app | 
[2026-05-19 17:20:06] INFO | app | ############################################################
[2026-05-19 17:20:06] INFO | app | ################### STATUS REQUEST #########################
[2026-05-19 17:20:06] INFO | app | ############################################################
[2026-05-19 17:20:06] INFO | app | [TASK] Status START | config_id=8 | device_id=3 | desc=ESP32 Main Status
[2026-05-19 17:20:06] INFO | app | [TASK] HTTP request START | method=GET | url=http://host.docker.internal:5001/3/status?endpoint=status
[2026-05-19 17:20:06] INFO | app | [TASK] HTTP request END | status_code=200 | elapsed=0.23s
[2026-05-19 17:20:06] INFO | app | [TASK] Status response VALID | config_id=8
[2026-05-19 17:20:06] INFO | app | [TASK] Status snapshot saved OK | config_id=8
[2026-05-19 17:20:06] INFO | app | 
[2026-05-19 17:20:06] INFO | app | ############################################################
[2026-05-19 17:20:06] INFO | app | ############# ALL STATUS COMPLETED #########################
[2026-05-19 17:20:06] INFO | app | ############################################################
[2026-05-19 17:20:06] INFO | app | [STEP END] Sensor status acquisition OK
[2026-05-19 17:20:06] INFO | app | 
[2026-05-19 17:20:06] INFO | app | ##################################################################
[2026-05-19 17:20:06] INFO | app | ################### RELAYS STATUS SNAPSHOTS #####################
[2026-05-19 17:20:06] INFO | app | ##################################################################
[2026-05-19 17:20:06] INFO | app | [STEP START] Relay status acquisition
[2026-05-19 17:20:06] INFO | app | 
[2026-05-19 17:20:06] INFO | app | ##################################################################
[2026-05-19 17:20:06] INFO | app | ################### RELAYS STATUS SNAPSHOTS #####################
[2026-05-19 17:20:06] INFO | app | ##################################################################
[2026-05-19 17:20:06] INFO | app | 
[2026-05-19 17:20:06] INFO | app | ############################################################
[2026-05-19 17:20:06] INFO | app | ################## RELAY REQUEST ###########################
[2026-05-19 17:20:06] INFO | app | ############################################################
[2026-05-19 17:20:06] INFO | app | [TASK] Relay request START | config_id=13
[2026-05-19 17:20:06] INFO | db | DB model read | helper=_fetch_one_model | model=SensorMeasurementsConfig | rows=1
[2026-05-19 17:20:06] INFO | app | [CONFIG EXECUTOR] EXECUTE
[2026-05-19 17:20:06] INFO | app | config_id=13
[2026-05-19 17:20:06] INFO | app | device_id=3
[2026-05-19 17:20:06] INFO | app | target_ip=192.168.1.9
[2026-05-19 17:20:06] INFO | app | url=http://192.168.1.9:80/relay
[2026-05-19 17:20:06] INFO | app | method=GET
[2026-05-19 17:20:06] INFO | app | [TASK] Relay snapshot prepared | relay_id=relay2 | is_on=0 | real_state=None
[2026-05-19 17:20:06] INFO | app | [TASK] Relay snapshot prepared | relay_id=relay1 | is_on=1 | real_state=1
[2026-05-19 17:20:06] INFO | app | [TASK] Relay snapshot saved | config_id=13 | count=2
[2026-05-19 17:20:06] INFO | app | 
[2026-05-19 17:20:06] INFO | app | ##################################################################
[2026-05-19 17:20:06] INFO | app | ############ RELAYS STATUS COMPLETED ############################
[2026-05-19 17:20:06] INFO | app | ##################################################################
[2026-05-19 17:20:06] INFO | app | [TASK] Relay summary | {'device_relay2_is_on': 0, 'device_relay2_real_state': None, 'device_relay1_is_on': 1, 'device_relay1_real_state': 1, 'relay1_real_state': 1, 'relay1_is_on': 1}
[2026-05-19 17:20:06] INFO | app | [STEP END] Relay status acquisition OK | relay1_real_state=1
[2026-05-19 17:20:06] INFO | app | 
[2026-05-19 17:20:06] INFO | app | ##################################################################
[2026-05-19 17:20:06] INFO | app | ################ SENSOR MEASUREMENTS SNAPSHOTS ##################
[2026-05-19 17:20:06] INFO | app | ##################################################################
[2026-05-19 17:20:06] INFO | app | [STEP START] Sensor measurements acquisition
[2026-05-19 17:20:06] INFO | app | 
[2026-05-19 17:20:06] INFO | app | ##################################################################
[2026-05-19 17:20:06] INFO | app | ################ LOAD MEASUREMENTS CONFIG #######################
[2026-05-19 17:20:06] INFO | app | ##################################################################
[2026-05-19 17:20:06] INFO | app | [TASK] Loading sensor measurements config
[2026-05-19 17:20:06] INFO | db | DB model read | helper=_fetch_all_models | model=SensorMeasurementsConfig | rows=8
[2026-05-19 17:20:06] INFO | app | [TASK] Loaded measurement configs | count=8
[2026-05-19 17:20:06] INFO | app | 
[2026-05-19 17:20:06] INFO | app | ############################################################
[2026-05-19 17:20:06] INFO | app | ########### DIFFERENT DEVICE COOLDOWN ######################
[2026-05-19 17:20:06] INFO | app | ############################################################
[2026-05-19 17:20:06] INFO | app | [TASK] Cooldown START | device switch | device_id=1 | sleep=0.5s
[2026-05-19 17:20:07] INFO | app | [TASK] Cooldown END | device switch | device_id=1
[2026-05-19 17:20:07] INFO | app | 
[2026-05-19 17:20:07] INFO | app | ############################################################
[2026-05-19 17:20:07] INFO | app | ################# MEASUREMENT REQUEST ######################
[2026-05-19 17:20:07] INFO | app | ############################################################
[2026-05-19 17:20:07] INFO | app | [TASK] Measurement START | config_id=6 | device_id=1 | description=Produzione Fronius | call_type=measurment
[2026-05-19 17:20:07] INFO | db | DB model read | helper=_fetch_one_model | model=SensorMeasurementsConfig | rows=1
[2026-05-19 17:20:07] INFO | app | [CONFIG EXECUTOR] EXECUTE
[2026-05-19 17:20:07] INFO | app | config_id=6
[2026-05-19 17:20:07] INFO | app | device_id=1
[2026-05-19 17:20:07] INFO | app | target_ip=192.168.1.4
[2026-05-19 17:20:07] INFO | app | url=http://192.168.1.4:80/power_sensor?id=pz1
[2026-05-19 17:20:07] INFO | app | method=GET
[2026-05-19 17:20:07] INFO | app | [TASK] Measurement execution END | elapsed=0.33s
[2026-05-19 17:20:07] INFO | app | [TASK] Measurement response VALID | config_id=6
[2026-05-19 17:20:07] INFO | app | [TASK] Normalization END | power=1001.2 | voltage=227.6 | current=4.412 | pf=1.0
[2026-05-19 17:20:07] INFO | app | [TASK] Snapshot saved OK | config_id=6
[2026-05-19 17:20:07] INFO | app | 
[2026-05-19 17:20:07] INFO | app | ############################################################
[2026-05-19 17:20:07] INFO | app | ########### DIFFERENT DEVICE COOLDOWN ######################
[2026-05-19 17:20:07] INFO | app | ############################################################
[2026-05-19 17:20:07] INFO | app | [TASK] Cooldown START | device switch | device_id=2 | sleep=0.5s
[2026-05-19 17:20:07] INFO | app | [TASK] Cooldown END | device switch | device_id=2
[2026-05-19 17:20:07] INFO | app | 
[2026-05-19 17:20:07] INFO | app | ############################################################
[2026-05-19 17:20:07] INFO | app | ################# MEASUREMENT REQUEST ######################
[2026-05-19 17:20:07] INFO | app | ############################################################
[2026-05-19 17:20:07] INFO | app | [TASK] Measurement START | config_id=3 | device_id=2 | description=Assorbimento Totale da Manyi | call_type=measurment
[2026-05-19 17:20:07] INFO | db | DB model read | helper=_fetch_one_model | model=SensorMeasurementsConfig | rows=1
[2026-05-19 17:20:07] INFO | app | [CONFIG EXECUTOR] EXECUTE
[2026-05-19 17:20:07] INFO | app | config_id=3
[2026-05-19 17:20:07] INFO | app | device_id=2
[2026-05-19 17:20:07] INFO | app | target_ip=192.168.1.3
[2026-05-19 17:20:07] INFO | app | url=http://192.168.1.3:80/emeter/0
[2026-05-19 17:20:07] INFO | app | method=GET
[2026-05-19 17:20:09] INFO | app | [TASK] Measurement execution END | elapsed=1.09s
[2026-05-19 17:20:09] INFO | app | [TASK] Measurement response VALID | config_id=3
[2026-05-19 17:20:09] INFO | app | [TASK] Normalization END | power=164.24 | voltage=233.97 | current=1.57 | pf=0.45
[2026-05-19 17:20:09] INFO | app | [TASK] Snapshot saved OK | config_id=3
[2026-05-19 17:20:09] INFO | app | 
[2026-05-19 17:20:09] INFO | app | ############################################################
[2026-05-19 17:20:09] INFO | app | ############ SAME DEVICE COOLDOWN ##########################
[2026-05-19 17:20:09] INFO | app | ############################################################
[2026-05-19 17:20:09] INFO | app | [TASK] Cooldown START | same device | device_id=2 | sleep=2.0s
[2026-05-19 17:20:11] INFO | app | [TASK] Cooldown END | same device | device_id=2
[2026-05-19 17:20:11] INFO | app | 
[2026-05-19 17:20:11] INFO | app | ############################################################
[2026-05-19 17:20:11] INFO | app | ################# MEASUREMENT REQUEST ######################
[2026-05-19 17:20:11] INFO | app | ############################################################
[2026-05-19 17:20:11] INFO | app | [TASK] Measurement START | config_id=4 | device_id=2 | description=Assorbimento Auto da Manyi | call_type=measurment
[2026-05-19 17:20:11] INFO | db | DB model read | helper=_fetch_one_model | model=SensorMeasurementsConfig | rows=1
[2026-05-19 17:20:11] INFO | app | [CONFIG EXECUTOR] EXECUTE
[2026-05-19 17:20:11] INFO | app | config_id=4
[2026-05-19 17:20:11] INFO | app | device_id=2
[2026-05-19 17:20:11] INFO | app | target_ip=192.168.1.3
[2026-05-19 17:20:11] INFO | app | url=http://192.168.1.3:80/emeter/1
[2026-05-19 17:20:11] INFO | app | method=GET
[2026-05-19 17:20:11] INFO | app | [TASK] Measurement execution END | elapsed=0.03s
[2026-05-19 17:20:11] INFO | app | [TASK] Measurement response VALID | config_id=4
[2026-05-19 17:20:11] INFO | app | [TASK] Normalization END | power=0.0 | voltage=233.91 | current=0.01 | pf=-0.01
[2026-05-19 17:20:11] INFO | app | [TASK] Snapshot saved OK | config_id=4
[2026-05-19 17:20:11] INFO | app | 
[2026-05-19 17:20:11] INFO | app | ############################################################
[2026-05-19 17:20:11] INFO | app | ########### DIFFERENT DEVICE COOLDOWN ######################
[2026-05-19 17:20:11] INFO | app | ############################################################
[2026-05-19 17:20:11] INFO | app | [TASK] Cooldown START | device switch | device_id=3 | sleep=0.5s
[2026-05-19 17:20:11] INFO | app | [TASK] Cooldown END | device switch | device_id=3
[2026-05-19 17:20:11] INFO | app | 
[2026-05-19 17:20:11] INFO | app | ############################################################
[2026-05-19 17:20:11] INFO | app | ################# MEASUREMENT REQUEST ######################
[2026-05-19 17:20:11] INFO | app | ############################################################
[2026-05-19 17:20:11] INFO | app | [TASK] Measurement START | config_id=9 | device_id=3 | description=Assorbimento Input Manyi | call_type=measurment
[2026-05-19 17:20:11] INFO | db | DB model read | helper=_fetch_one_model | model=SensorMeasurementsConfig | rows=1
[2026-05-19 17:20:11] INFO | app | [CONFIG EXECUTOR] EXECUTE
[2026-05-19 17:20:11] INFO | app | config_id=9
[2026-05-19 17:20:11] INFO | app | device_id=3
[2026-05-19 17:20:11] INFO | app | target_ip=192.168.1.9
[2026-05-19 17:20:11] INFO | app | url=http://192.168.1.9:80/power?voltage_sensor_id=v1&current_sensor_id=c1&n=800&sr=4000&fast=1&phase_shift=1
[2026-05-19 17:20:11] INFO | app | method=GET
[2026-05-19 17:20:12] INFO | app | [TASK] Measurement execution END | elapsed=0.82s
[2026-05-19 17:20:12] INFO | app | [TASK] Measurement response VALID | config_id=9
[2026-05-19 17:20:12] INFO | app | [TASK] Normalization END | power=3.756 | voltage=226.368 | current=0.187 | pf=0.089
[2026-05-19 17:20:12] INFO | app | [TASK] Snapshot saved OK | config_id=9
[2026-05-19 17:20:12] INFO | app | 
[2026-05-19 17:20:12] INFO | app | ############################################################
[2026-05-19 17:20:12] INFO | app | ############ SAME DEVICE COOLDOWN ##########################
[2026-05-19 17:20:12] INFO | app | ############################################################
[2026-05-19 17:20:12] INFO | app | [TASK] Cooldown START | same device | device_id=3 | sleep=2.0s
[2026-05-19 17:20:14] INFO | app | [TASK] Cooldown END | same device | device_id=3
[2026-05-19 17:20:14] INFO | app | 
[2026-05-19 17:20:14] INFO | app | ############################################################
[2026-05-19 17:20:14] INFO | app | ################# MEASUREMENT REQUEST ######################
[2026-05-19 17:20:14] INFO | app | ############################################################
[2026-05-19 17:20:14] INFO | app | [TASK] Measurement START | config_id=10 | device_id=3 | description=Assorbimento Totale da ENEL BIS | call_type=measurment
[2026-05-19 17:20:14] INFO | db | DB model read | helper=_fetch_one_model | model=SensorMeasurementsConfig | rows=1
[2026-05-19 17:20:14] INFO | app | [CONFIG EXECUTOR] EXECUTE
[2026-05-19 17:20:14] INFO | app | config_id=10
[2026-05-19 17:20:14] INFO | app | device_id=3
[2026-05-19 17:20:14] INFO | app | target_ip=192.168.1.9
[2026-05-19 17:20:14] INFO | app | url=http://192.168.1.9:80/power?voltage_sensor_id=v1&current_sensor_id=c2&n=800&sr=4000&fast=1&phase_shift=1
[2026-05-19 17:20:14] INFO | app | method=GET
[2026-05-19 17:20:15] INFO | app | [TASK] Measurement execution END | elapsed=0.65s
[2026-05-19 17:20:15] INFO | app | [TASK] Measurement response VALID | config_id=10
[2026-05-19 17:20:15] INFO | app | [TASK] Normalization END | power=2.792 | voltage=225.725 | current=0.334 | pf=0.037
[2026-05-19 17:20:15] INFO | app | [TASK] Snapshot saved OK | config_id=10
[2026-05-19 17:20:15] INFO | app | 
[2026-05-19 17:20:15] INFO | app | ############################################################
[2026-05-19 17:20:15] INFO | app | ############ SAME DEVICE COOLDOWN ##########################
[2026-05-19 17:20:15] INFO | app | ############################################################
[2026-05-19 17:20:15] INFO | app | [TASK] Cooldown START | same device | device_id=3 | sleep=2.0s
[2026-05-19 17:20:17] INFO | app | [TASK] Cooldown END | same device | device_id=3
[2026-05-19 17:20:17] INFO | app | 
[2026-05-19 17:20:17] INFO | app | ############################################################
[2026-05-19 17:20:17] INFO | app | ################# MEASUREMENT REQUEST ######################
[2026-05-19 17:20:17] INFO | app | ############################################################
[2026-05-19 17:20:17] INFO | app | [TASK] Measurement START | config_id=11 | device_id=3 | description=Assorbimento Auto da ENEL | call_type=measurment
[2026-05-19 17:20:17] INFO | db | DB model read | helper=_fetch_one_model | model=SensorMeasurementsConfig | rows=1
[2026-05-19 17:20:17] INFO | app | [CONFIG EXECUTOR] EXECUTE
[2026-05-19 17:20:17] INFO | app | config_id=11
[2026-05-19 17:20:17] INFO | app | device_id=3
[2026-05-19 17:20:17] INFO | app | target_ip=192.168.1.9
[2026-05-19 17:20:17] INFO | app | url=http://192.168.1.9:80/power?voltage_sensor_id=v1&current_sensor_id=c3&n=800&sr=4000&fast=1&phase_shift=1
[2026-05-19 17:20:17] INFO | app | method=GET
[2026-05-19 17:20:17] INFO | app | [TASK] Measurement execution END | elapsed=0.83s
[2026-05-19 17:20:17] INFO | app | [TASK] Measurement response VALID | config_id=11
[2026-05-19 17:20:17] INFO | app | [TASK] Normalization END | power=-3.26 | voltage=225.95 | current=0.296 | pf=-0.0487
[2026-05-19 17:20:20] INFO | app | [TASK] Snapshot saved OK | config_id=11
[2026-05-19 17:20:20] INFO | app | 
[2026-05-19 17:20:20] INFO | app | ############################################################
[2026-05-19 17:20:20] INFO | app | ############ SAME DEVICE COOLDOWN ##########################
[2026-05-19 17:20:20] INFO | app | ############################################################
[2026-05-19 17:20:20] INFO | app | [TASK] Cooldown START | same device | device_id=3 | sleep=2.0s
[2026-05-19 17:20:22] INFO | app | [TASK] Cooldown END | same device | device_id=3
[2026-05-19 17:20:22] INFO | app | 
[2026-05-19 17:20:22] INFO | app | ############################################################
[2026-05-19 17:20:22] INFO | app | ################# MEASUREMENT REQUEST ######################
[2026-05-19 17:20:22] INFO | app | ############################################################
[2026-05-19 17:20:22] INFO | app | [TASK] Measurement START | config_id=12 | device_id=3 | description=Assorbimento Casa da ENEL | call_type=measurment
[2026-05-19 17:20:22] INFO | db | DB model read | helper=_fetch_one_model | model=SensorMeasurementsConfig | rows=1
[2026-05-19 17:20:22] INFO | app | [CONFIG EXECUTOR] EXECUTE
[2026-05-19 17:20:22] INFO | app | config_id=12
[2026-05-19 17:20:22] INFO | app | device_id=3
[2026-05-19 17:20:22] INFO | app | target_ip=192.168.1.9
[2026-05-19 17:20:22] INFO | app | url=http://192.168.1.9:80/power?voltage_sensor_id=v1&current_sensor_id=c4&n=800&sr=4000&fast=1&phase_shift=1
[2026-05-19 17:20:22] INFO | app | method=GET
[2026-05-19 17:20:23] INFO | app | [TASK] Measurement execution END | elapsed=0.85s
[2026-05-19 17:20:23] INFO | app | [TASK] Measurement response VALID | config_id=12
[2026-05-19 17:20:23] INFO | app | [TASK] Normalization END | power=277.727 | voltage=226.716 | current=1.828 | pf=0.6701
[2026-05-19 17:20:25] INFO | app | [TASK] Snapshot saved OK | config_id=12
[2026-05-19 17:20:25] INFO | app | 
[2026-05-19 17:20:25] INFO | app | ############################################################
[2026-05-19 17:20:25] INFO | app | ############ SAME DEVICE COOLDOWN ##########################
[2026-05-19 17:20:25] INFO | app | ############################################################
[2026-05-19 17:20:25] INFO | app | [TASK] Cooldown START | same device | device_id=3 | sleep=2.0s
[2026-05-19 17:20:27] INFO | app | [TASK] Cooldown END | same device | device_id=3
[2026-05-19 17:20:27] INFO | app | 
[2026-05-19 17:20:27] INFO | app | ############################################################
[2026-05-19 17:20:27] INFO | app | ################# MEASUREMENT REQUEST ######################
[2026-05-19 17:20:27] INFO | app | ############################################################
[2026-05-19 17:20:27] INFO | app | [TASK] Measurement START | config_id=14 | device_id=3 | description=Assorbimento Totale da ENEL | call_type=measurment
[2026-05-19 17:20:27] INFO | db | DB model read | helper=_fetch_one_model | model=SensorMeasurementsConfig | rows=1
[2026-05-19 17:20:27] INFO | app | [CONFIG EXECUTOR] EXECUTE
[2026-05-19 17:20:27] INFO | app | config_id=14
[2026-05-19 17:20:27] INFO | app | device_id=3
[2026-05-19 17:20:27] INFO | app | target_ip=192.168.1.9
[2026-05-19 17:20:27] INFO | app | url=http://192.168.1.9:80/power_sensor?id=pz1
[2026-05-19 17:20:27] INFO | app | method=GET
[2026-05-19 17:20:27] INFO | app | [TASK] Measurement execution END | elapsed=0.4s
[2026-05-19 17:20:27] INFO | app | [TASK] Measurement response VALID | config_id=14
[2026-05-19 17:20:27] INFO | app | [TASK] Normalization END | power=10.8 | voltage=226.8 | current=0.08 | pf=0.6
[2026-05-19 17:20:27] INFO | app | [TASK] Snapshot saved OK | config_id=14
[2026-05-19 17:20:27] INFO | app | 
[2026-05-19 17:20:27] INFO | app | ##################################################################
[2026-05-19 17:20:27] INFO | app | ############ ALL MEASUREMENTS COMPLETED #########################
[2026-05-19 17:20:27] INFO | app | ##################################################################
[2026-05-19 17:20:27] INFO | app | [STEP END] Sensor measurements acquisition OK
[2026-05-19 17:20:27] INFO | app | 
[2026-05-19 17:20:27] INFO | app | ##################################################################
[2026-05-19 17:20:27] INFO | app | ######################### POLLING END ############################
[2026-05-19 17:20:27] INFO | app | ##################################################################
[2026-05-19 17:20:27] INFO | app | [POLLING TOTAL ELAPSED] 24.25s
[2026-05-19 17:20:27] INFO | app | 
[2026-05-19 17:20:27] INFO | app | ##################################################################
[2026-05-19 17:20:27] INFO | app | ######################## POLLING SLEEP ###########################
[2026-05-19 17:20:27] INFO | app | ##################################################################
[2026-05-19 17:20:27] INFO | app | [POLLING SLEEP] seconds=120
[2026-05-19 17:20:27] INFO | app | [EV MANAGER] refresh_ev_charging_state START
[2026-05-19 17:20:27] INFO | app | [EV MANAGER] refresh_ev_charging_state END
[2026-05-19 17:20:47] INFO | app | [EV MANAGER] refresh_ev_charging_state START
[2026-05-19 17:20:47] INFO | app | [EV MANAGER] refresh_ev_charging_state END
[2026-05-19 17:21:07] INFO | app | [EV MANAGER] refresh_ev_charging_state START
[2026-05-19 17:21:07] INFO | app | [EV MANAGER] refresh_ev_charging_state END
[2026-05-19 17:21:27] INFO | app | [EV MANAGER] refresh_ev_charging_state START
[2026-05-19 17:21:27] INFO | app | [EV MANAGER] refresh_ev_charging_state END
[2026-05-19 17:21:47] INFO | app | [EV MANAGER] refresh_ev_charging_state START
[2026-05-19 17:21:47] INFO | app | [EV MANAGER] refresh_ev_charging_state END
[2026-05-19 17:22:07] INFO | app | [EV MANAGER] refresh_ev_charging_state START
[2026-05-19 17:22:07] INFO | app | [EV MANAGER] refresh_ev_charging_state END
[2026-05-19 17:22:27] INFO | app | 
[2026-05-19 17:22:27] INFO | app | ##################################################################
[2026-05-19 17:22:27] INFO | app | ######################## POLLING START ###########################
[2026-05-19 17:22:27] INFO | app | ##################################################################
[2026-05-19 17:22:27] INFO | app | 
[2026-05-19 17:22:27] INFO | app | ##################################################################
[2026-05-19 17:22:27] INFO | app | ######################## TESLA TOKEN #############################
[2026-05-19 17:22:27] INFO | app | ##################################################################
[2026-05-19 17:22:27] INFO | app | [STEP START] Tesla token check
[2026-05-19 17:22:27] INFO | app | [TASK] check_and_refresh_tesla_token START | token_path=data/tesla_token.json | refresh_before_seconds=3600
[2026-05-19 17:22:27] INFO | app | [TASK] Tesla token status | saved_at=2026-05-19 09:49:33 | expires_in=28800 | seconds_left=8825 | minutes_left=147.1
[2026-05-19 17:22:27] INFO | app | [TASK] Tesla token ancora valido | seconds_left=8825 | nessun refresh
[2026-05-19 17:22:27] INFO | app | [STEP END] Tesla token check
[2026-05-19 17:22:27] INFO | app | 
[2026-05-19 17:22:27] INFO | app | ##################################################################
[2026-05-19 17:22:27] INFO | app | #################### INVERTER STATE ##############################
[2026-05-19 17:22:27] INFO | app | ##################################################################
[2026-05-19 17:22:27] INFO | app | [STEP START] Inverter state acquisition
[2026-05-19 17:22:27] INFO | app | [TASK] acquire_and_save_inverter_state | device_id=416360187241136128 | data_source=1
[2026-05-19 17:22:27] INFO | solar_client | Richiesta device state latest START | device_id=416360187241136128 | data_source=1
[2026-05-19 17:22:27] INFO | solar_client | Controllo scadenza token | token=750970...159B | now=2026-05-19T15:22:27.531266+00:00 | exp=2026-05-19T17:20:03+00:00 | safety_seconds=300 | expiring_soon=False
[2026-05-19 17:22:27] INFO | solar_client | Riutilizzo token esistente | token=750970...159B | access_exp=2026-05-19T17:20:03Z
[2026-05-19 17:22:27] INFO | solar_client | GET remoto START | path=/apis/deviceState/simple/state/latest/v1 | params={'deviceId': '416360187241136128', 'dataSource': 1} | token=750970...159B
[2026-05-19 17:22:29] INFO | solar_client | GET remoto END | path=/apis/deviceState/simple/state/latest/v1 | status_code=200
[2026-05-19 17:22:29] INFO | solar_client | GET remoto OK | path=/apis/deviceState/simple/state/latest/v1 | api_code=0
[2026-05-19 17:22:34] ERROR | app | Polling ERROR | error=database is locked
Traceback (most recent call last):
  File "/app/energy_manager_server.py", line 85, in polling_loop
    data = acquire_and_save_inverter_state(
           ^^^^^^^^^^^^^^^^^^^^^^^^^^^^^^^^
  File "/app/polling_tasks.py", line 27, in acquire_and_save_inverter_state
    data = client.get_device_state_latest(
           ^^^^^^^^^^^^^^^^^^^^^^^^^^^^^^^
  File "/app/solar_client.py", line 310, in get_device_state_latest
    insert_device_snapshot(
  File "/app/db.py", line 684, in insert_device_snapshot
    row_id = _execute_write(
             ^^^^^^^^^^^^^^^
  File "/app/db.py", line 352, in _execute_write
    conn.commit()
  File "/app/db.py", line 148, in commit
    return self._raw_connection.commit()
           ^^^^^^^^^^^^^^^^^^^^^^^^^^^^^
sqlite3.OperationalError: database is locked
[2026-05-19 17:22:34] INFO | app | [POLLING TOTAL ELAPSED] 6.7s
[2026-05-19 17:22:34] INFO | app | 
[2026-05-19 17:22:34] INFO | app | ##################################################################
[2026-05-19 17:22:34] INFO | app | ######################## POLLING SLEEP ###########################
[2026-05-19 17:22:34] INFO | app | ##################################################################
[2026-05-19 17:22:34] INFO | app | [POLLING SLEEP] seconds=120
[2026-05-19 17:22:34] INFO | app | [EV MANAGER] refresh_ev_charging_state START
[2026-05-19 17:22:34] INFO | app | [EV MANAGER] refresh_ev_charging_state END
[2026-05-19 17:22:54] INFO | app | [EV MANAGER] refresh_ev_charging_state START
[2026-05-19 17:22:54] INFO | app | [EV MANAGER] refresh_ev_charging_state END
[2026-05-19 17:23:14] INFO | app | [EV MANAGER] refresh_ev_charging_state START
[2026-05-19 17:23:14] INFO | app | [EV MANAGER] refresh_ev_charging_state END
[2026-05-19 17:23:34] INFO | app | [EV MANAGER] refresh_ev_charging_state START
[2026-05-19 17:23:34] INFO | app | [EV MANAGER] refresh_ev_charging_state END
[2026-05-19 17:23:54] INFO | app | [EV MANAGER] refresh_ev_charging_state START
[2026-05-19 17:23:54] INFO | app | [EV MANAGER] refresh_ev_charging_state END
[2026-05-19 17:24:14] INFO | app | [EV MANAGER] refresh_ev_charging_state START
[2026-05-19 17:24:14] INFO | app | [EV MANAGER] refresh_ev_charging_state END
